.next/types/validator.ts(132,39): error TS2307: Cannot find module '../../src/app/treatments/page.js' or its corresponding type declarations.
